2026-07-25 15:23:58 [INFO] (conftest.py:42) - 🚀 Starting test execution: 'test_cart'
2026-07-25 15:23:58 [INFO] (driver_factory.py:15) - 🌐 Launching chrome..
2026-07-25 15:23:59 [INFO] (driver_factory.py:33) - The base URL: https://www.saucedemo.com 
2026-07-25 15:24:01 [INFO] (login_page.py:37) - Trying to login with the username: standard_user
2026-07-25 15:24:01 [INFO] (login_page.py:40) - Clicking login button..
2026-07-25 15:24:01 [INFO] (cart_page.py:20) - Adding the product to cart...
2026-07-25 15:24:02 [INFO] (cart_page.py:37) - Current cart count: 1
2026-07-25 15:24:02 [INFO] (cart_page.py:25) - Removing the product from cart..
2026-07-25 15:24:22 [INFO] (cart_page.py:39) - Cart badge displays 0 as count
2026-07-25 15:24:22 [INFO] (conftest.py:71) - ✅ TEST PASSED: 'test_cart'
2026-07-25 15:24:24 [INFO] (conftest.py:51) - ⏱️ Finished test 'test_cart' in 26.61 seconds.
------------------------------------------------------------
2026-07-25 15:24:24 [INFO] (conftest.py:42) - 🚀 Starting test execution: 'test_checkout'
2026-07-25 15:24:24 [INFO] (driver_factory.py:15) - 🌐 Launching chrome..
2026-07-25 15:24:25 [INFO] (driver_factory.py:33) - The base URL: https://www.saucedemo.com 
2026-07-25 15:24:28 [INFO] (login_page.py:37) - Trying to login with the username: standard_user
2026-07-25 15:24:28 [INFO] (login_page.py:40) - Clicking login button..
2026-07-25 15:24:28 [INFO] (cart_page.py:20) - Adding the product to cart...
2026-07-25 15:24:28 [INFO] (cart_page.py:37) - Current cart count: 1
2026-07-25 15:24:28 [INFO] (cart_page.py:30) - Navigating to the cart icon..
2026-07-25 15:24:28 [INFO] (checkout_page.py:21) - Clicking checkout button..
2026-07-25 15:24:28 [INFO] (checkout_page.py:25) - Entering first name: BVNS
2026-07-25 15:24:29 [INFO] (checkout_page.py:29) - Entering last name: kuravi
2026-07-25 15:24:29 [INFO] (checkout_page.py:33) - Entering zip code: 516002
2026-07-25 15:24:29 [INFO] (checkout_page.py:37) - Clicking continue button..
2026-07-25 15:24:29 [INFO] (checkout_page.py:41) - Clicking finish button..
2026-07-25 15:24:29 [INFO] (checkout_page.py:46) - Order status: Thank you for your order!
2026-07-25 15:24:29 [INFO] (conftest.py:71) - ✅ TEST PASSED: 'test_checkout'
2026-07-25 15:24:31 [INFO] (conftest.py:51) - ⏱️ Finished test 'test_checkout' in 6.84 seconds.
------------------------------------------------------------
2026-07-25 15:24:31 [INFO] (conftest.py:42) - 🚀 Starting test execution: 'test_inventory_item_count_and_titles'
2026-07-25 15:24:31 [INFO] (driver_factory.py:15) - 🌐 Launching chrome..
2026-07-25 15:24:32 [INFO] (driver_factory.py:33) - The base URL: https://www.saucedemo.com 
2026-07-25 15:24:35 [INFO] (login_page.py:37) - Trying to login with the username: standard_user
2026-07-25 15:24:35 [INFO] (login_page.py:40) - Clicking login button..
2026-07-25 15:24:35 [INFO] (conftest.py:71) - ✅ TEST PASSED: 'test_inventory_item_count_and_titles'
2026-07-25 15:24:38 [INFO] (conftest.py:51) - ⏱️ Finished test 'test_inventory_item_count_and_titles' in 6.2 seconds.
------------------------------------------------------------
2026-07-25 15:24:38 [INFO] (conftest.py:42) - 🚀 Starting test execution: 'test_successful_login'
2026-07-25 15:24:38 [INFO] (driver_factory.py:15) - 🌐 Launching chrome..
2026-07-25 15:24:38 [INFO] (driver_factory.py:33) - The base URL: https://www.saucedemo.com 
2026-07-25 15:24:41 [INFO] (login_page.py:37) - Trying to login with the username: standard_user
2026-07-25 15:24:41 [INFO] (login_page.py:40) - Clicking login button..
2026-07-25 15:24:41 [ERROR] (conftest.py:63) - ❌ TEST FAILED: 'test_successful_login'
2026-07-25 15:24:41 [INFO] (screenshots.py:29) - Screenshot captured successfully and saved to: screenshots\2026-07-25\test_successful_login_failed_15-24-41.png
2026-07-25 15:24:44 [INFO] (conftest.py:51) - ⏱️ Finished test 'test_successful_login' in 5.99 seconds.
------------------------------------------------------------
2026-07-25 15:24:44 [INFO] (conftest.py:42) - 🚀 Starting test execution: 'test_locked_user'
2026-07-25 15:24:44 [INFO] (driver_factory.py:15) - 🌐 Launching chrome..
2026-07-25 15:24:44 [INFO] (driver_factory.py:33) - The base URL: https://www.saucedemo.com 
2026-07-25 15:24:47 [INFO] (login_page.py:37) - Trying to login with the username: locked_out_user
2026-07-25 15:24:47 [INFO] (login_page.py:40) - Clicking login button..
2026-07-25 15:24:47 [INFO] (login_page.py:32) - Retrieved login error msg: Epic sadface: Sorry, this user has been locked out.
2026-07-25 15:24:47 [INFO] (conftest.py:71) - ✅ TEST PASSED: 'test_locked_user'
2026-07-25 15:24:49 [INFO] (conftest.py:51) - ⏱️ Finished test 'test_locked_user' in 5.63 seconds.
------------------------------------------------------------
