2026-07-24 17:00:56 [INFO] (conftest.py:15) - 🚀 Starting test execution: 'test_cart'
2026-07-24 17:00:56 [INFO] (driver_factory.py:15) - 🌐 Launching chrome..
2026-07-24 17:00:57 [INFO] (driver_factory.py:33) - The base URL: https://www.saucedemo.com 
2026-07-24 17:00:59 [INFO] (login_page.py:37) - Trying to login with the username: standard_user
2026-07-24 17:00:59 [INFO] (login_page.py:40) - Clicking login button..
2026-07-24 17:00:59 [INFO] (cart_page.py:20) - Adding the product to cart...
2026-07-24 17:00:59 [INFO] (cart_page.py:37) - Current cart count: 1
2026-07-24 17:00:59 [INFO] (cart_page.py:25) - Removing the product from cart..
2026-07-24 17:01:20 [INFO] (cart_page.py:39) - Cart badge displays 0 as count
2026-07-24 17:01:20 [INFO] (conftest.py:57) - ✅ TEST PASSED: 'test_cart'
2026-07-24 17:01:22 [INFO] (conftest.py:31) - ⏱️ Finished test 'test_cart' in 26.07 seconds.
------------------------------------------------------------
2026-07-24 17:01:22 [INFO] (conftest.py:15) - 🚀 Starting test execution: 'test_checkout'
2026-07-24 17:01:22 [INFO] (driver_factory.py:15) - 🌐 Launching chrome..
2026-07-24 17:01:23 [INFO] (driver_factory.py:33) - The base URL: https://www.saucedemo.com 
2026-07-24 17:01:25 [INFO] (login_page.py:37) - Trying to login with the username: standard_user
2026-07-24 17:01:25 [INFO] (login_page.py:40) - Clicking login button..
2026-07-24 17:01:25 [INFO] (cart_page.py:20) - Adding the product to cart...
2026-07-24 17:01:25 [INFO] (cart_page.py:37) - Current cart count: 1
2026-07-24 17:01:25 [INFO] (cart_page.py:30) - Navigating to the cart icon..
2026-07-24 17:01:25 [INFO] (checkout_page.py:21) - Clicking checkout button..
2026-07-24 17:01:25 [INFO] (checkout_page.py:25) - Entering first name: BVNS
2026-07-24 17:01:26 [INFO] (checkout_page.py:29) - Entering last name: kuravi
2026-07-24 17:01:26 [INFO] (checkout_page.py:33) - Entering zip code: 516002
2026-07-24 17:01:26 [INFO] (checkout_page.py:37) - Clicking continue button..
2026-07-24 17:01:26 [INFO] (checkout_page.py:41) - Clicking finish button..
2026-07-24 17:01:26 [INFO] (checkout_page.py:46) - Order status: Thank you for your order!
2026-07-24 17:01:26 [INFO] (conftest.py:57) - ✅ TEST PASSED: 'test_checkout'
2026-07-24 17:01:28 [INFO] (conftest.py:31) - ⏱️ Finished test 'test_checkout' in 6.06 seconds.
------------------------------------------------------------
2026-07-24 17:01:28 [INFO] (conftest.py:15) - 🚀 Starting test execution: 'test_inventory_item_count_and_titles'
2026-07-24 17:01:28 [INFO] (driver_factory.py:15) - 🌐 Launching chrome..
2026-07-24 17:01:29 [INFO] (driver_factory.py:33) - The base URL: https://www.saucedemo.com 
2026-07-24 17:01:30 [INFO] (login_page.py:37) - Trying to login with the username: standard_user
2026-07-24 17:01:31 [INFO] (login_page.py:40) - Clicking login button..
2026-07-24 17:01:31 [INFO] (conftest.py:57) - ✅ TEST PASSED: 'test_inventory_item_count_and_titles'
2026-07-24 17:01:33 [INFO] (conftest.py:31) - ⏱️ Finished test 'test_inventory_item_count_and_titles' in 4.95 seconds.
------------------------------------------------------------
2026-07-24 17:01:33 [INFO] (conftest.py:15) - 🚀 Starting test execution: 'test_successful_login'
2026-07-24 17:01:33 [INFO] (driver_factory.py:15) - 🌐 Launching chrome..
2026-07-24 17:01:34 [INFO] (driver_factory.py:33) - The base URL: https://www.saucedemo.com 
2026-07-24 17:01:35 [INFO] (login_page.py:37) - Trying to login with the username: standard_user
2026-07-24 17:01:35 [INFO] (login_page.py:40) - Clicking login button..
2026-07-24 17:01:36 [ERROR] (conftest.py:47) - ❌ TEST FAILED: 'test_successful_login'
2026-07-24 17:01:36 [INFO] (screenshots.py:29) - Screenshot captured successfully and saved to: screenshots\2026-07-24\test_successful_login_failed_17-01-36.png
2026-07-24 17:01:38 [INFO] (conftest.py:31) - ⏱️ Finished test 'test_successful_login' in 4.95 seconds.
------------------------------------------------------------
2026-07-24 17:01:38 [INFO] (conftest.py:15) - 🚀 Starting test execution: 'test_locked_user'
2026-07-24 17:01:38 [INFO] (driver_factory.py:15) - 🌐 Launching chrome..
2026-07-24 17:01:39 [INFO] (driver_factory.py:33) - The base URL: https://www.saucedemo.com 
2026-07-24 17:01:40 [INFO] (login_page.py:37) - Trying to login with the username: locked_out_user
2026-07-24 17:01:40 [INFO] (login_page.py:40) - Clicking login button..
2026-07-24 17:01:41 [INFO] (login_page.py:32) - Retrieved login error msg: Epic sadface: Sorry, this user has been locked out.
2026-07-24 17:01:41 [INFO] (conftest.py:57) - ✅ TEST PASSED: 'test_locked_user'
2026-07-24 17:01:43 [INFO] (conftest.py:31) - ⏱️ Finished test 'test_locked_user' in 4.72 seconds.
------------------------------------------------------------
